// Jest Snapshot v1, https://goo.gl/fbAQLP

exports[`Displays the subscription form 1`] = `
Object {
  "asFragment": [Function],
  "baseElement": <body>
    <div>
      <div
        class="sc-bdnylx ByCpw"
      >
        <h2
          class="sc-gtssRu iQQAXn"
        >
          Subscribe to get updates!
        </h2>
        <form
          class="sc-hKFyIo korkGl"
        >
          <label
            class="sc-dlnjPT iyhkgJ"
          >
            Name:
            <input
              class="sc-eCApGN bWoYLv"
              name="name"
              type="text"
            />
          </label>
          <label
            class="sc-dlnjPT iyhkgJ"
          >
            Email:
            <input
              class="sc-eCApGN bWoYLv"
              name="email"
              type="text"
            />
          </label>
          <input
            class="sc-jSFkmK eicLKk"
            type="submit"
            value="Submit"
          />
        </form>
      </div>
    </div>
  </body>,
  "container": <div>
    <div
      class="sc-bdnylx ByCpw"
    >
      <h2
        class="sc-gtssRu iQQAXn"
      >
        Subscribe to get updates!
      </h2>
      <form
        class="sc-hKFyIo korkGl"
      >
        <label
          class="sc-dlnjPT iyhkgJ"
        >
          Name:
          <input
            class="sc-eCApGN bWoYLv"
            name="name"
            type="text"
          />
        </label>
        <label
          class="sc-dlnjPT iyhkgJ"
        >
          Email:
          <input
            class="sc-eCApGN bWoYLv"
            name="email"
            type="text"
          />
        </label>
        <input
          class="sc-jSFkmK eicLKk"
          type="submit"
          value="Submit"
        />
      </form>
    </div>
  </div>,
  "debug": [Function],
  "findAllByAltText": [Function],
  "findAllByDisplayValue": [Function],
  "findAllByLabelText": [Function],
  "findAllByPlaceholderText": [Function],
  "findAllByRole": [Function],
  "findAllByTestId": [Function],
  "findAllByText": [Function],
  "findAllByTitle": [Function],
  "findByAltText": [Function],
  "findByDisplayValue": [Function],
  "findByLabelText": [Function],
  "findByPlaceholderText": [Function],
  "findByRole": [Function],
  "findByTestId": [Function],
  "findByText": [Function],
  "findByTitle": [Function],
  "getAllByAltText": [Function],
  "getAllByDisplayValue": [Function],
  "getAllByLabelText": [Function],
  "getAllByPlaceholderText": [Function],
  "getAllByRole": [Function],
  "getAllByTestId": [Function],
  "getAllByText": [Function],
  "getAllByTitle": [Function],
  "getByAltText": [Function],
  "getByDisplayValue": [Function],
  "getByLabelText": [Function],
  "getByPlaceholderText": [Function],
  "getByRole": [Function],
  "getByTestId": [Function],
  "getByText": [Function],
  "getByTitle": [Function],
  "queryAllByAltText": [Function],
  "queryAllByDisplayValue": [Function],
  "queryAllByLabelText": [Function],
  "queryAllByPlaceholderText": [Function],
  "queryAllByRole": [Function],
  "queryAllByTestId": [Function],
  "queryAllByText": [Function],
  "queryAllByTitle": [Function],
  "queryByAltText": [Function],
  "queryByDisplayValue": [Function],
  "queryByLabelText": [Function],
  "queryByPlaceholderText": [Function],
  "queryByRole": [Function],
  "queryByTestId": [Function],
  "queryByText": [Function],
  "queryByTitle": [Function],
  "rerender": [Function],
  "unmount": [Function],
}
`;
